abandon
ability
february
friday
january
july
abbreviation
absolute
absorb
abuse
accept
accidentally
accommodation
account
acknowledge
acquire
actress
actual
adequate
adequately
admiration
affect
agency
aim
alcohol
alittle
all
allow
alsophoto
alter
ambulance
amusing
angrily
anxiety
apostrophe
apparent
appeal
appropriate
arrive
ask
assist
assistance
assure
attitude
attorney
attract
attraction
aunt
automatically
auxiliary
available
avoid
awfully